// Jest Snapshot v1, https://goo.gl/fbAQLP

exports[`darken should darken a color but not go below 0 1`] = `"rgba(0,0,0,0.7)"`;

exports[`darken should darken a color by 20% 1`] = `"#111"`;

exports[`darken should darken a color by when passed a string for amount 1`] = `"#111"`;

exports[`darken should darken a color with a value of 255 and opacity by 10% 1`] = `"rgba(255,89,89,0.7)"`;

exports[`darken should darken a color with opacity by 20% 1`] = `"rgba(51,50,153,0.7)"`;

exports[`darken should darken an 8-digit hex color by 20% 1`] = `"rgba(51,50,153,0.7)"`;
