// Jest Snapshot v1, https://goo.gl/fbAQLP

exports[`grayscale should grayscale a color with opacity 1`] = `"rgba(153,153,153,0.7)"`;

exports[`grayscale should grayscale a hex color 1`] = `"#999"`;

exports[`grayscale should grayscale a reduced hex color 1`] = `"#444"`;

exports[`grayscale should grayscale an 4-digit hex color 1`] = `"rgba(128,128,128,0.53)"`;

exports[`grayscale should grayscale an 8-digit hex color 1`] = `"rgba(153,153,153,0.7)"`;

exports[`grayscale should return transparent when passed transparent 1`] = `"transparent"`;
