exports[`lighten should lighten a color but not go beyond 255 1`] = `"rgba(255,255,255,0.7)"`;

exports[`lighten should lighten a color by 10% 1`] = `"#5e5e5e"`;

exports[`lighten should lighten a color with opacity by 20% 1`] = `"rgba(229,230,177,0.7)"`;

exports[`lighten should lighten a hex color by 20% 1`] = `"#e5e6b1"`;
