exports[`getUnit should get % from decimal values 1`] = `"%"`;

exports[`getUnit should get % from decimal values 2`] = `"%"`;

exports[`getUnit should get % from whole values 1`] = `"%"`;

exports[`getUnit should get ch from decimal values 1`] = `"ch"`;

exports[`getUnit should get ch from decimal values 2`] = `"ch"`;

exports[`getUnit should get ch from whole values 1`] = `"ch"`;

exports[`getUnit should get cm from values 1`] = `"cm"`;

exports[`getUnit should get cm from values 2`] = `"cm"`;

exports[`getUnit should get cm from whole values 1`] = `"cm"`;

exports[`getUnit should get em from decimal values 1`] = `"em"`;

exports[`getUnit should get em from decimal values 2`] = `"em"`;

exports[`getUnit should get em from whole value 1`] = `"em"`;

exports[`getUnit should get ex from decimal values 1`] = `"ex"`;

exports[`getUnit should get ex from decimal values 2`] = `"ex"`;

exports[`getUnit should get ex from whole values 1`] = `"ex"`;

exports[`getUnit should get in from values 1`] = `"in"`;

exports[`getUnit should get in from values 2`] = `"in"`;

exports[`getUnit should get in from whole values 1`] = `"in"`;

exports[`getUnit should get mm from values 1`] = `"mm"`;

exports[`getUnit should get mm from values 2`] = `"mm"`;

exports[`getUnit should get mm from whole values 1`] = `"mm"`;

exports[`getUnit should get pc from values 1`] = `"pc"`;

exports[`getUnit should get pc from values 2`] = `"pc"`;

exports[`getUnit should get pc from whole values 1`] = `"pc"`;

exports[`getUnit should get pt from values 1`] = `"pt"`;

exports[`getUnit should get pt from values 2`] = `"pt"`;

exports[`getUnit should get pt from whole values 1`] = `"pt"`;

exports[`getUnit should get px from values 1`] = `"px"`;

exports[`getUnit should get px from values 2`] = `"px"`;

exports[`getUnit should get px from whole values 1`] = `"px"`;

exports[`getUnit should get q from values 1`] = `"q"`;

exports[`getUnit should get q from values 2`] = `"q"`;

exports[`getUnit should get q from whole values 1`] = `"q"`;

exports[`getUnit should get rem from decimal values 1`] = `"rem"`;

exports[`getUnit should get rem from decimal values 2`] = `"rem"`;

exports[`getUnit should get rem from whole values 1`] = `"rem"`;

exports[`getUnit should get vh from decimal values 1`] = `"vh"`;

exports[`getUnit should get vh from decimal values 2`] = `"vh"`;

exports[`getUnit should get vh from whole values 1`] = `"vh"`;

exports[`getUnit should get vmax from decimal values 1`] = `"vmax"`;

exports[`getUnit should get vmax from decimal values 2`] = `"vmax"`;

exports[`getUnit should get vmax from whole values 1`] = `"vmax"`;

exports[`getUnit should get vmin from decimal values 1`] = `"vmin"`;

exports[`getUnit should get vmin from decimal values 2`] = `"vmin"`;

exports[`getUnit should get vmin from whole values 1`] = `"vmin"`;

exports[`getUnit should get vw from decimal values 1`] = `"vw"`;

exports[`getUnit should get vw from decimal values 2`] = `"vw"`;

exports[`getUnit should get vw from whole values 1`] = `"vw"`;

exports[`getUnit should return null when passed a unitless value 1`] = `null`;

exports[`getUnit should return null when passed an untouched string 1`] = `null`;
