// Jest Snapshot v1, https://goo.gl/fbAQLP

exports[`between should return a valid calc formula when not passed min/max screen sizes 1`] = `"calc(-9.090909090909093px + 9.090909090909092vw)"`;

exports[`between should return a valid calc formula when passed min/max screen sizes 1`] = `"calc(-33.33333333333334px + 13.333333333333334vw)"`;
