// Jest Snapshot v1, https://goo.gl/fbAQLP

exports[`linearGradient properly overrides the fallback when it is passed 1`] = `
Object {
  "backgroundColor": "#FFF",
  "backgroundImage": "linear-gradient(to top right, #00FFFF 0%, rgba(0, 0, 255, 0) 50%, #0000FF 95%)",
}
`;

exports[`linearGradient returns the correct object when only passed two color stops, including parsed fallback with no percentage 1`] = `
Object {
  "backgroundColor": "#fff",
  "backgroundImage": "linear-gradient(#fff, #000)",
}
`;

exports[`linearGradient returns the correct object when passed toDirection, including parsed fallback with percentage 1`] = `
Object {
  "backgroundColor": "#00FFFF",
  "backgroundImage": "linear-gradient(90deg, #00FFFF 0%, rgba(0, 0, 255, 0) 50%, #0000FF 95%)",
}
`;
