// Jest Snapshot v1, https://goo.gl/fbAQLP

exports[`math should be able to do simple factorial 1`] = `"6em"`;

exports[`math should be able to do simple factorial 2`] = `"Infinityem"`;

exports[`math should be able to do simple factorial 3`] = `"1px"`;

exports[`math should be able to do simple factorial 4`] = `"NaNpx"`;

exports[`math should be able to do simple factorial 5`] = `"-120px"`;
