exports[`stripUnit examples should match example #0 1`] = `
Object {
  "--dimension": 100,
}
`;

exports[`stripUnit examples should match example #0 2`] = `
Object {
  "--dimension": 100,
}
`;

exports[`stripUnit examples should match example #1 1`] = `
"
  --dimension: 100;
"
`;

exports[`stripUnit examples should match example #1 2`] = `
"
  --dimension: 100;
"
`;
